// Jest Snapshot v1, https://goo.gl/fbAQLP

exports[`Snapshot of NumberNav component 1`] = `
<div
  className="MuiGrid-root MuiGrid-item MuiGrid-grid-xs-5 css-13i4rnv-MuiGrid-root"
  onClick={[Function]}
  role="gridOpt-1"
>
  <button
    className="MuiButton-root MuiButton-outlined MuiButton-outlinedPrimary MuiButton-sizeMedium MuiButton-outlinedSizeMedium MuiButtonBase-root  css-1ar33r0-MuiButtonBase-root-MuiButton-root"
    disabled={false}
    onBlur={[Function]}
    onContextMenu={[Function]}
    onDragLeave={[Function]}
    onFocus={[Function]}
    onKeyDown={[Function]}
    onKeyUp={[Function]}
    onMouseDown={[Function]}
    onMouseLeave={[Function]}
    onMouseUp={[Function]}
    onTouchEnd={[Function]}
    onTouchMove={[Function]}
    onTouchStart={[Function]}
    role="optBtn"
    tabIndex={0}
    type="button"
  >
    <p
      className="MuiTypography-root MuiTypography-body1 css-1uwgr7b-MuiTypography-root"
      role="optopt"
    >
      A
    </p>
  </button>
</div>
`;
